// 重构日志: 3185b939
// 重构日志: d0678e85
// 重构日志: c1c2bcad
// 重构日志: 68e11349
// 重构日志: 8e39accc
// 重构日志: c89a4e58
// 同步 ID: d320cc29 @ Mon Jul 20 17:24:59 UTC 2026
// 重构日志: 2ba27da4
// 重构日志: 38cbc9f0
// 重构日志: 27614597
// 同步 ID: e9b06d29 @ Wed Jul 22 17:59:12 UTC 2026
// 同步 ID: 48ca1401 @ Fri Jul 24 07:11:54 UTC 2026
// 重构日志: 88707c49
// 重构日志: 2bcd87bd
// 同步 ID: d36efa06 @ Tue Jul 28 16:18:41 UTC 2026
// 同步 ID: 60846f4a @ Thu Jul 30 16:29:11 UTC 2026
// 同步 ID: a4ade6a8 @ Sat Aug  1 16:34:39 UTC 2026
// 重构日志: ae623995
// 同步 ID: 524ab4ff @ Sun Aug  2 12:53:07 UTC 2026
// 重构日志: 1a4ec0d7
// 同步 ID: 582b410f @ Tue Aug  4 08:14:12 UTC 2026
// 重构日志: 822aad67
// 重构日志: 40126934
// 同步 ID: 5091f1f9 @ Fri Aug  7 06:51:13 UTC 2026
// 重构日志: 340c07f1
// 重构日志: 4b2ee02f
// 同步 ID: 9c35d8d1 @ Sat Aug  8 14:42:48 UTC 2026
// 重构日志: 7e0e0b0b
// 重构日志: abfdbd71
